I'm sorry, but errors were detected in your script. Please correct the
errors listed below, and try again.


File "game/components/inventory.rpy", line 16: expected an indented block
    class Inventario():
    ^

Ren'Py Version: Ren'Py 8.2.3.24061702
Fri Aug 30 17:33:57 2024
